<html>
<body>
<pre>
<h1>µVision Build Log</h1>
<h2>Project:</h2>
C:\Users\saifudeen\Desktop\arm7(lpc2148)\9.Wireless Data Transmission Using UART (Bluetooth)\Bt.uvproj
Project File Date:  08/14/2026

<h2>Output:</h2>
Rebuild target 'Target 1'
assembling Startup.s...
compiling code.c...
code.c(79): warning:  #1-D: last line of file ends without a newline
  }
code.c: 1 warning, 0 errors
linking...
Program Size: Code=1048 RO-data=16 RW-data=0 ZI-data=1256  
FromELF: creating hex file...
".\Bt.axf" - 0 Error(s), 1 Warning(s).
</pre>
</body>
</html>
