<html>
<body>
<pre>
<h1>µVision Build Log</h1>
<h2>Project:</h2>
C:\Users\saifudeen\Desktop\arm7(lpc2148)\1\blink.uvproj
Project File Date:  07/23/2026

<h2>Output:</h2>
Rebuild target 'Target 1'
assembling Startup.s...
compiling blink.c...
blink.c(51): warning:  #1-D: last line of file ends without a newline
  }
blink.c: 1 warning, 0 errors
linking...
Program Size: Code=932 RO-data=16 RW-data=0 ZI-data=1256  
FromELF: creating hex file...
".\blink.axf" - 0 Error(s), 1 Warning(s).
</pre>
</body>
</html>
nable PLL
blink.c(10): error:  #20: identifier "PLLSTAT" is undefined
      while(!(PLLSTAT & (1<<10)));   // Wait for lock
blink.c(44): warning:  #1-D: last line of file ends without a newline
  }
blink.c: 1 warning, 4 errors
".\blink.axf" - 4 Error(s), 1 Warning(s).
Target not created
