<html>
<body>
<pre>
<h1>µVision Build Log</h1>
<h2>Project:</h2>
C:\Users\saifudeen\Desktop\arm7(lpc2148)\2.Digital Push Button Counter\switch.uvproj
Project File Date:  07/23/2026

<h2>Output:</h2>
Rebuild target 'Target 1'
assembling Startup.s...
compiling switch.c...
switch.c(137): warning:  #1-D: last line of file ends without a newline
  }
switch.c: 1 warning, 0 errors
linking...
Program Size: Code=1092 RO-data=32 RW-data=12 ZI-data=1260  
FromELF: creating hex file...
".\switch.axf" - 0 Error(s), 1 Warning(s).
</pre>
</body>
</html>
le ends without a newline
  }
switch.c: 2 warnings, 1 error
".\switch.axf" - 1 Error(s), 2 Warning(s).
Target not created
